Student detected. Standing down.
Student detected. Standing down.
Student detected. Standing down.
Student detected. Standing down.
Student detected. Standing down.
Student detected. Standing down.
Student detected. Standing down.
Student detected. Standing down.
Student detected. Standing down.
Student detected. Standing down.
Student detected. Standing down.
Student detected. Standing down.
Student detected. Standing down.
Student detected. Standing down.
Student detected. Standing down.
Student detected. Standing down.
Student detected. Standing down.
Student detected. Standing down.
Student detected. Standing down.
Student detected. Standing down.
Student detected. Standing down.
Student detected. Standing down.
Student detected. Standing down.
Student detected. Standing down.
Student detected. Standing down.
Student detected. Standing down.
Student detected. Standing down.
Student detected. Standing down.
Student detected. Standing down.
Student detected. Standing down.
Student detected. Standing down.
Student detected. Standing down.
Student detected. Standing down.
Student detected. Standing down.
Student detected. Standing down.
Student detected. Standing down.
Student detected. Standing down.
Student detected. Standing down.
Student detected. Standing down.
Student detected. Standing down.
Student detected. Standing down.
Student detected. Standing down.
Student detected. Standing down.
Student detected. Standing down.
Student detected. Standing down.
Student detected. Standing down.
Student detected. Standing down.
Student detected. Standing down.
Student detected. Standing down.
Traceback (most recent call last):
  File "/home/guest/palash/Granular-Chains-DEM/Pulse/auto_pilot_manager.py", line 201, in <module>
    run_manager()
  File "/home/guest/palash/Granular-Chains-DEM/Pulse/auto_pilot_manager.py", line 125, in run_manager
    eligible.sort(key=lambda x: x[1].get("last_submitted", ""))
TypeError: '<' not supported between instances of 'NoneType' and 'NoneType'
Student detected. Standing down.
Student detected. Standing down.
Submitted AP_Grid_Fill_1H_S442391_S430735_S744817_S842756_S169565 as 3472.master
Submitted AP_Grid_Fill_1H_S904266_S944243_S153340_S131626_S155721 as 3473.master
Submitted AP_Grid_Fill_1H_S437513_S402899 as 3474.master
Submitted AP_Grid_Fill_1H_S694955_S950784_S371727_S801731_S381262 as 3475.master
Concurrency limit reached (4/4)
Submitted AP_Grid_Fill_1H_S358667_S348132_S521842_S161014_S897208_S769729 as 3476.master
Submitted AP_Grid_Fill_1H_S442391_S430735_S744817_S842756_S169565 as 3477.master
Submitted AP_Grid_Fill_1H_S904266_S944243_S153340_S131626_S155721 as 3478.master
Submitted AP_Grid_Fill_1H_S437513_S402899 as 3479.master
Concurrency limit reached (4/4)
Submitted AP_Grid_Fill_1H_S694955_S950784_S371727_S801731_S381262 as 3480.master
Submitted AP_Grid_Fill_1H_S358667_S348132_S521842_S161014_S897208_S769729 as 3481.master
Submitted AP_Grid_Fill_1H_S442391_S430735_S744817_S842756_S169565 as 3482.master
Submitted AP_Grid_Fill_1H_S904266_S944243_S153340_S131626_S155721 as 3483.master
Concurrency limit reached (4/4)
Submitted AP_Grid_Fill_1H_S437513_S402899 as 3484.master
Submitted AP_Grid_Fill_1H_S694955_S950784_S371727_S801731_S381262 as 3485.master
Submitted AP_Grid_Fill_1H_S358667_S348132_S521842_S161014_S897208_S769729 as 3486.master
Submitted AP_Grid_Fill_1H_S442391_S430735_S744817_S842756_S169565 as 3487.master
Student detected. Standing down.
Student detected. Standing down.
Student detected. Standing down.
Student detected. Standing down.
Student detected. Standing down.
Student detected. Standing down.
Student detected. Standing down.
Student detected. Standing down.
Student detected. Standing down.
Student detected. Standing down.
Student detected. Standing down.
Student detected. Standing down.
Student detected. Standing down.
Student detected. Standing down.
Submitted AP_NewRoot_fill_1778761319 as 3496.master
Submitted AP_NewRoot_fill_1778761743 as 3497.master
Submitted AP_NewRoot_fill_1778762056 as 3498.master
Submitted AP_NewRoot_fill_1778762071 as 3499.master
Concurrency limit reached (4/4)

--- [MANUAL TRIGGER] 2026-05-14 23:23:46 ---
Submitted AP_NewRoot_fill_1778761319 as 3500.master
Submitted AP_NewRoot_fill_1778761743 as 3501.master
Submitted AP_NewRoot_fill_1778762056 as 3502.master
Submitted AP_NewRoot_fill_1778762071 as 3503.master

--- [MANUAL TRIGGER] 2026-05-14 23:30:50 ---
Submitted AP_NewRoot_fill_1778762224 as 3504.master
Submitted AP_NewRoot_fill_1778762251 as 3505.master
Submitted AP_NewRoot_fill_1778762269 as 3506.master
Submitted AP_NewRoot_fill_1778762288 as 3507.master
