2026-06-02 15:43:31.434 (   0.549s) [    14C395818200]vtkXOpenGLRenderWindow.:1458  WARN| bad X server connection. DISPLAY=
ffmpeg version 8.0.1 Copyright (c) 2000-2025 the FFmpeg developers
  built with gcc 14.3.0 (conda-forge gcc 14.3.0-16)
  configuration: --prefix=/home/guest/miniconda3/envs/gchain --cc=/home/conda/feedstock_root/build_artifacts/ffmpeg_1766458736242/_build_env/bin/x86_64-conda-linux-gnu-cc --cxx=/home/conda/feedstock_root/build_artifacts/ffmpeg_1766458736242/_build_env/bin/x86_64-conda-linux-gnu-c++ --nm=/home/conda/feedstock_root/build_artifacts/ffmpeg_1766458736242/_build_env/bin/x86_64-conda-linux-gnu-nm --ar=/home/conda/feedstock_root/build_artifacts/ffmpeg_1766458736242/_build_env/bin/x86_64-conda-linux-gnu-ar --disable-doc --enable-openssl --enable-demuxer=dash --enable-hardcoded-tables --enable-libfreetype --enable-libharfbuzz --enable-libfontconfig --enable-libopenh264 --enable-libdav1d --disable-gnutls --enable-libvpx --enable-libass --enable-pthreads --enable-alsa --enable-libpulse --enable-libvpl --enable-vaapi --enable-libopenvino --enable-gpl --enable-libx264 --enable-libx265 --enable-libmp3lame --enable-libaom --enable-libsvtav1 --enable-libxml2 --enable-pic --enable-shared --disable-static --enable-version3 --enable-zlib --enable-libvorbis --enable-libopus --enable-librsvg --enable-ffplay --enable-vulkan --enable-libshaderc --pkg-config=/home/conda/feedstock_root/build_artifacts/ffmpeg_1766458736242/_build_env/bin/pkg-config
  libavutil      60.  8.100 / 60.  8.100
  libavcodec     62. 11.100 / 62. 11.100
  libavformat    62.  3.100 / 62.  3.100
  libavdevice    62.  1.100 / 62.  1.100
  libavfilter    11.  4.100 / 11.  4.100
  libswscale      9.  1.100 /  9.  1.100
  libswresample   6.  1.100 /  6.  1.100
Input #0, image2, from '/home/guest/palash/Granular-Chains-DEM/Visualisations/temp_frames/frame_%06d.png':
  Duration: 00:01:00.03, start: 0.000000, bitrate: N/A
  Stream #0:0: Video: png, rgb24(pc, gbr/unknown/unknown), 1280x1280, 30 fps, 30 tbr, 30 tbn
Stream mapping:
  Stream #0:0 -> #0:0 (png (native) -> h264 (libx264))
Press [q] to stop, [?] for help
[libx264 @ 0x5654832fc600] using cpu capabilities: MMX2 SSE2Fast SSSE3 SSE4.2 AVX FMA3 BMI2 AVX2 AVX512
[libx264 @ 0x5654832fc600] profile High, level 4.0, 4:2:0, 8-bit
[libx264 @ 0x5654832fc600] 264 - core 164 r3095 baee400 - H.264/MPEG-4 AVC codec - Copyleft 2003-2022 - http://www.videolan.org/x264.html - options: cabac=1 ref=3 deblock=1:0:0 analyse=0x3:0x113 me=hex subme=7 psy=1 psy_rd=1.00:0.00 mixed_ref=1 me_range=16 chroma_me=1 trellis=1 8x8dct=1 cqm=0 deadzone=21,11 fast_pskip=1 chroma_qp_offset=-2 threads=40 lookahead_threads=6 sliced_threads=0 nr=0 decimate=1 interlaced=0 bluray_compat=0 constrained_intra=0 bframes=3 b_pyramid=2 b_adapt=1 b_bias=0 direct=1 weightb=1 open_gop=0 weightp=2 keyint=250 keyint_min=25 scenecut=40 intra_refresh=0 rc_lookahead=40 rc=crf mbtree=1 crf=18.0 qcomp=0.60 qpmin=0 qpmax=69 qpstep=4 ip_ratio=1.40 aq=1:1.00
Output #0, mp4, to '/home/guest/palash/Granular-Chains-DEM/Visualisations/Grid_Flow_1H_S193408_to_Grid_Flow_1H_S193408.mp4':
  Metadata:
    encoder         : Lavf62.3.100
  Stream #0:0: Video: h264 (avc1 / 0x31637661), yuv420p(tv, progressive), 1280x1280, q=2-31, 30 fps, 15360 tbn
    Metadata:
      encoder         : Lavc62.11.100 libx264
    Side data:
      cpb: bitrate max/min/avg: 0/0/0 buffer size: 0 vbv_delay: N/A
frame=   89 fps=0.0 q=24.0 size=    8192KiB time=00:00:02.90 bitrate=23141.1kbits/s speed= 5.8x elapsed=0:00:00.50    frame=  307 fps=307 q=24.0 size=   24832KiB time=00:00:10.16 bitrate=20008.9kbits/s speed=10.2x elapsed=0:00:01.00    frame=  525 fps=350 q=24.0 size=   39168KiB time=00:00:17.43 bitrate=18405.2kbits/s speed=11.6x elapsed=0:00:01.50    frame=  739 fps=369 q=24.0 size=   53504KiB time=00:00:24.56 bitrate=17841.5kbits/s speed=12.3x elapsed=0:00:02.00    frame= 1025 fps=410 q=24.0 size=   65792KiB time=00:00:34.10 bitrate=15805.5kbits/s speed=13.6x elapsed=0:00:02.50    frame= 1329 fps=443 q=24.0 size=   76288KiB time=00:00:44.23 bitrate=14128.5kbits/s speed=14.7x elapsed=0:00:03.00    frame= 1634 fps=467 q=24.0 size=   86016KiB time=00:00:54.40 bitrate=12953.0kbits/s speed=15.5x elapsed=0:00:03.50    [out#0/mp4 @ 0x5654832eeb80] video:90849KiB audio:0KiB subtitle:0KiB other streams:0KiB global headers:0KiB muxing overhead: 0.025324%
frame= 1801 fps=481 q=-1.0 Lsize=   90872KiB time=00:00:59.96 bitrate=12413.9kbits/s speed=  16x elapsed=0:00:03.74    
[libx264 @ 0x5654832fc600] frame I:8     Avg QP: 6.63  size:299509
[libx264 @ 0x5654832fc600] frame P:454   Avg QP:18.62  size:126854
[libx264 @ 0x5654832fc600] frame B:1339  Avg QP:26.42  size: 24676
[libx264 @ 0x5654832fc600] consecutive B-frames:  0.8%  0.2%  0.2% 98.8%
[libx264 @ 0x5654832fc600] mb I  I16..4: 70.1%  5.8% 24.0%
[libx264 @ 0x5654832fc600] mb P  I16..4:  0.4%  0.3%  0.3%  P16..4: 10.3%  6.8%  9.2%  0.0%  0.0%    skip:72.7%
[libx264 @ 0x5654832fc600] mb B  I16..4:  0.1%  0.1%  0.0%  B16..8:  5.1%  2.0%  1.8%  direct: 7.0%  skip:83.8%  L0:25.6% L1:33.8% BI:40.6%
[libx264 @ 0x5654832fc600] 8x8 transform intra:24.0% inter:14.3%
[libx264 @ 0x5654832fc600] coded y,uvDC,uvAC intra: 20.7% 31.0% 28.3% inter: 11.4% 12.1% 11.6%
[libx264 @ 0x5654832fc600] i16 v,h,dc,p: 87%  8%  5%  0%
[libx264 @ 0x5654832fc600] i8 v,h,dc,ddl,ddr,vr,hd,vl,hu:  8%  3% 82%  1%  1%  1%  1%  1%  1%
[libx264 @ 0x5654832fc600] i4 v,h,dc,ddl,ddr,vr,hd,vl,hu: 18% 12% 25%  7%  8%  7%  7%  8%  7%
[libx264 @ 0x5654832fc600] i8c dc,h,v,p: 74% 12% 11%  3%
[libx264 @ 0x5654832fc600] Weighted P-Frames: Y:0.0% UV:0.0%
[libx264 @ 0x5654832fc600] ref P L0: 70.8% 11.8% 10.8%  6.6%
[libx264 @ 0x5654832fc600] ref B L0: 86.4% 10.3%  3.3%
[libx264 @ 0x5654832fc600] ref B L1: 95.4%  4.6%
[libx264 @ 0x5654832fc600] kb/s:12396.90
Starting rendering of 1801 frames...
Rendered 0/1801 frames...
Rendered 10/1801 frames...
Rendered 20/1801 frames...
Rendered 30/1801 frames...
Rendered 40/1801 frames...
Rendered 50/1801 frames...
Rendered 60/1801 frames...
Rendered 70/1801 frames...
Rendered 80/1801 frames...
Rendered 90/1801 frames...
Rendered 100/1801 frames...
Rendered 110/1801 frames...
Rendered 120/1801 frames...
Rendered 130/1801 frames...
Rendered 140/1801 frames...
Rendered 150/1801 frames...
Rendered 160/1801 frames...
Rendered 170/1801 frames...
Rendered 180/1801 frames...
Rendered 190/1801 frames...
Rendered 200/1801 frames...
Rendered 210/1801 frames...
Rendered 220/1801 frames...
Rendered 230/1801 frames...
Rendered 240/1801 frames...
Rendered 250/1801 frames...
Rendered 260/1801 frames...
Rendered 270/1801 frames...
Rendered 280/1801 frames...
Rendered 290/1801 frames...
Rendered 300/1801 frames...
Rendered 310/1801 frames...
Rendered 320/1801 frames...
Rendered 330/1801 frames...
Rendered 340/1801 frames...
Rendered 350/1801 frames...
Rendered 360/1801 frames...
Rendered 370/1801 frames...
Rendered 380/1801 frames...
Rendered 390/1801 frames...
Rendered 400/1801 frames...
Rendered 410/1801 frames...
Rendered 420/1801 frames...
Rendered 430/1801 frames...
Rendered 440/1801 frames...
Rendered 450/1801 frames...
Rendered 460/1801 frames...
Rendered 470/1801 frames...
Rendered 480/1801 frames...
Rendered 490/1801 frames...
Rendered 500/1801 frames...
Rendered 510/1801 frames...
Rendered 520/1801 frames...
Rendered 530/1801 frames...
Rendered 540/1801 frames...
Rendered 550/1801 frames...
Rendered 560/1801 frames...
Rendered 570/1801 frames...
Rendered 580/1801 frames...
Rendered 590/1801 frames...
Rendered 600/1801 frames...
Rendered 610/1801 frames...
Rendered 620/1801 frames...
Rendered 630/1801 frames...
Rendered 640/1801 frames...
Rendered 650/1801 frames...
Rendered 660/1801 frames...
Rendered 670/1801 frames...
Rendered 680/1801 frames...
Rendered 690/1801 frames...
Rendered 700/1801 frames...
Rendered 710/1801 frames...
Rendered 720/1801 frames...
Rendered 730/1801 frames...
Rendered 740/1801 frames...
Rendered 750/1801 frames...
Rendered 760/1801 frames...
Rendered 770/1801 frames...
Rendered 780/1801 frames...
Rendered 790/1801 frames...
Rendered 800/1801 frames...
Rendered 810/1801 frames...
Rendered 820/1801 frames...
Rendered 830/1801 frames...
Rendered 840/1801 frames...
Rendered 850/1801 frames...
Rendered 860/1801 frames...
Rendered 870/1801 frames...
Rendered 880/1801 frames...
Rendered 890/1801 frames...
Rendered 900/1801 frames...
Rendered 910/1801 frames...
Rendered 920/1801 frames...
Rendered 930/1801 frames...
Rendered 940/1801 frames...
Rendered 950/1801 frames...
Rendered 960/1801 frames...
Rendered 970/1801 frames...
Rendered 980/1801 frames...
Rendered 990/1801 frames...
Rendered 1000/1801 frames...
Rendered 1010/1801 frames...
Rendered 1020/1801 frames...
Rendered 1030/1801 frames...
Rendered 1040/1801 frames...
Rendered 1050/1801 frames...
Rendered 1060/1801 frames...
Rendered 1070/1801 frames...
Rendered 1080/1801 frames...
Rendered 1090/1801 frames...
Rendered 1100/1801 frames...
Rendered 1110/1801 frames...
Rendered 1120/1801 frames...
Rendered 1130/1801 frames...
Rendered 1140/1801 frames...
Rendered 1150/1801 frames...
Rendered 1160/1801 frames...
Rendered 1170/1801 frames...
Rendered 1180/1801 frames...
Rendered 1190/1801 frames...
Rendered 1200/1801 frames...
Rendered 1210/1801 frames...
Rendered 1220/1801 frames...
Rendered 1230/1801 frames...
Rendered 1240/1801 frames...
Rendered 1250/1801 frames...
Rendered 1260/1801 frames...
Rendered 1270/1801 frames...
Rendered 1280/1801 frames...
Rendered 1290/1801 frames...
Rendered 1300/1801 frames...
Rendered 1310/1801 frames...
Rendered 1320/1801 frames...
Rendered 1330/1801 frames...
Rendered 1340/1801 frames...
Rendered 1350/1801 frames...
Rendered 1360/1801 frames...
Rendered 1370/1801 frames...
Rendered 1380/1801 frames...
Rendered 1390/1801 frames...
Rendered 1400/1801 frames...
Rendered 1410/1801 frames...
Rendered 1420/1801 frames...
Rendered 1430/1801 frames...
Rendered 1440/1801 frames...
Rendered 1450/1801 frames...
Rendered 1460/1801 frames...
Rendered 1470/1801 frames...
Rendered 1480/1801 frames...
Rendered 1490/1801 frames...
Rendered 1500/1801 frames...
Rendered 1510/1801 frames...
Rendered 1520/1801 frames...
Rendered 1530/1801 frames...
Rendered 1540/1801 frames...
Rendered 1550/1801 frames...
Rendered 1560/1801 frames...
Rendered 1570/1801 frames...
Rendered 1580/1801 frames...
Rendered 1590/1801 frames...
Rendered 1600/1801 frames...
Rendered 1610/1801 frames...
Rendered 1620/1801 frames...
Rendered 1630/1801 frames...
Rendered 1640/1801 frames...
Rendered 1650/1801 frames...
Rendered 1660/1801 frames...
Rendered 1670/1801 frames...
Rendered 1680/1801 frames...
Rendered 1690/1801 frames...
Rendered 1700/1801 frames...
Rendered 1710/1801 frames...
Rendered 1720/1801 frames...
Rendered 1730/1801 frames...
Rendered 1740/1801 frames...
Rendered 1750/1801 frames...
Rendered 1760/1801 frames...
Rendered 1770/1801 frames...
Rendered 1780/1801 frames...
Rendered 1790/1801 frames...
Rendered 1800/1801 frames...
Movie saved: /home/guest/palash/Granular-Chains-DEM/Visualisations/Grid_Flow_1H_S193408_to_Grid_Flow_1H_S193408.mp4
